Microsoft Windows [Version 10.0.22504.1010]
(c) Microsoft Corporation. All rights reserved.

C:\Users\Karan>cd C:/Users/Karan/OneDrive/Documents/whitehatjr/python/C100/

C:\Users\Karan\OneDrive\Documents\whitehatjr\python\C100>python3 get-pip.py
Collecting pip
  Using cached pip-21.3.1-py3-none-any.whl (1.7 MB)
Installing collected packages: pip
  Attempting uninstall: pip
    Found existing installation: pip 21.3.1
    Uninstalling pip-21.3.1:
      Successfully uninstalled pip-21.3.1
  WARNING: The scripts pip.exe, pip3.10.exe and pip3.exe are installed in 'C:\Users\Karan\AppData\Local\Packages\PythonSoftwareFoundation.Python.3.10_qbz5n2kfra8p0\LocalCache\local-packages\Python310\Scripts' which is not on PATH.
  Consider adding this directory to PATH or, if you prefer to suppress this warning, use --no-warn-script-location.
Successfully installed pip-21.3.1

C:\Users\Karan\OneDrive\Documents\whitehatjr\python\C100>pip3 --version
pip 21.3.1 from C:\Users\Karan\AppData\Local\Programs\Python\Python310\lib\site-packages\pip (python 3.10)

C:\Users\Karan\OneDrive\Documents\whitehatjr\python\C100>pip3 install howdoi
Requirement already satisfied: howdoi in c:\users\karan\appdata\local\programs\python\python310\lib\site-packages (2.0.19)
Requirement already satisfied: Pygments in c:\users\karan\appdata\local\programs\python\python310\lib\site-packages (from howdoi) (2.10.0)
Requirement already satisfied: cssselect in c:\users\karan\appdata\local\programs\python\python310\lib\site-packages (from howdoi) (1.1.0)
Requirement already satisfied: lxml in c:\users\karan\appdata\local\programs\python\python310\lib\site-packages (from howdoi) (4.6.4)
Requirement already satisfied: pyquery in c:\users\karan\appdata\local\programs\python\python310\lib\site-packages (from howdoi) (1.4.3)
Requirement already satisfied: requests in c:\users\karan\appdata\local\programs\python\python310\lib\site-packages (from howdoi) (2.26.0)
Requirement already satisfied: cachelib in c:\users\karan\appdata\local\programs\python\python310\lib\site-packages (from howdoi) (0.4.1)
Requirement already satisfied: appdirs in c:\users\karan\appdata\local\programs\python\python310\lib\site-packages (from howdoi) (1.4.4)
Requirement already satisfied: keep in c:\users\karan\appdata\local\programs\python\python310\lib\site-packages (from howdoi) (2.10.1)
Requirement already satisfied: click in c:\users\karan\appdata\local\programs\python\python310\lib\site-packages (from keep->howdoi) (8.0.3)
Requirement already satisfied: terminaltables in c:\users\karan\appdata\local\programs\python\python310\lib\site-packages (from keep->howdoi) (3.1.0)
Requirement already satisfied: PyGithub in c:\users\karan\appdata\local\programs\python\python310\lib\site-packages (from keep->howdoi) (1.55)
Requirement already satisfied: certifi>=2017.4.17 in c:\users\karan\appdata\local\programs\python\python310\lib\site-packages (from requests->howdoi) (2021.10.8)
Requirement already satisfied: charset-normalizer~=2.0.0 in c:\users\karan\appdata\local\programs\python\python310\lib\site-packages (from requests->howdoi) (2.0.8)
Requirement already satisfied: idna<4,>=2.5 in c:\users\karan\appdata\local\programs\python\python310\lib\site-packages (from requests->howdoi) (3.3)
Requirement already satisfied: urllib3<1.27,>=1.21.1 in c:\users\karan\appdata\local\programs\python\python310\lib\site-packages (from requests->howdoi) (1.26.7)
Requirement already satisfied: colorama in c:\users\karan\appdata\local\programs\python\python310\lib\site-packages (from click->keep->howdoi) (0.4.4)
Requirement already satisfied: deprecated in c:\users\karan\appdata\local\programs\python\python310\lib\site-packages (from PyGithub->keep->howdoi) (1.2.13)
Requirement already satisfied: pynacl>=1.4.0 in c:\users\karan\appdata\local\programs\python\python310\lib\site-packages (from PyGithub->keep->howdoi) (1.4.0)
Requirement already satisfied: pyjwt>=2.0 in c:\users\karan\appdata\local\programs\python\python310\lib\site-packages (from PyGithub->keep->howdoi) (2.3.0)
Requirement already satisfied: six in c:\users\karan\appdata\local\programs\python\python310\lib\site-packages (from pynacl>=1.4.0->PyGithub->keep->howdoi) (1.16.0)
Requirement already satisfied: cffi>=1.4.1 in c:\users\karan\appdata\local\programs\python\python310\lib\site-packages (from pynacl>=1.4.0->PyGithub->keep->howdoi) (1.15.0)
Requirement already satisfied: wrapt<2,>=1.10 in c:\users\karan\appdata\local\programs\python\python310\lib\site-packages (from deprecated->PyGithub->keep->howdoi) (1.13.3)
Requirement already satisfied: pycparser in c:\users\karan\appdata\local\programs\python\python310\lib\site-packages (from cffi>=1.4.1->pynacl>=1.4.0->PyGithub->keep->howdoi) (2.21)

C:\Users\Karan\OneDrive\Documents\whitehatjr\python\C100>howdoi write function in python
'r'

C:\Users\Karan\OneDrive\Documents\whitehatjr\python\C100>howdoi write functions in python
def main():
    print Kerma()

def Kerma():
    return "energy / mass"

if __name__ == '__main__':
    main()

C:\Users\Karan\OneDrive\Documents\whitehatjr\python\C100>howdoi declare variables in python
foo = 'bar' # the name 'foo' is now a name for the string 'bar'
foo = 2 * 3 # the name 'foo' stops being a name for the string 'bar',
# and starts being a name for the integer 6, resulting from the multiplication

C:\Users\Karan\OneDrive\Documents\whitehatjr\python\C100>howdoi write class in python
WARNING: Exception raised while handling cache file 'C:\Users\Karan\AppData\Local\howdoi\howdoi\Cache\2029240f6d1128be89ddc32729463129'
Traceback (most recent call last):
  File "C:\Users\Karan\AppData\Local\Programs\Python\Python310\lib\site-packages\cachelib\file.py", line 228, in set
    os.replace(tmp, filename)
PermissionError: [WinError 5] Access is denied: 'C:\\Users\\Karan\\AppData\\Local\\howdoi\\howdoi\\Cache\\tmprr8rarmf.__wz_cache' -> 'C:\\Users\\Karan\\AppData\\Local\\howdoi\\howdoi\\Cache\\2029240f6d1128be89ddc32729463129'
with open(self.file_name, ‘w’) as my_file

C:\Users\Karan\OneDrive\Documents\whitehatjr\python\C100>howdoi write classes in python
WARNING: Exception raised while handling cache file 'C:\Users\Karan\AppData\Local\howdoi\howdoi\Cache\2029240f6d1128be89ddc32729463129'
Traceback (most recent call last):
  File "C:\Users\Karan\AppData\Local\Programs\Python\Python310\lib\site-packages\cachelib\file.py", line 228, in set
    os.replace(tmp, filename)
PermissionError: [WinError 5] Access is denied: 'C:\\Users\\Karan\\AppData\\Local\\howdoi\\howdoi\\Cache\\tmpmvq0d758.__wz_cache' -> 'C:\\Users\\Karan\\AppData\\Local\\howdoi\\howdoi\\Cache\\2029240f6d1128be89ddc32729463129'
class Student(object):
    def __init__(self, name, age, gender, level, grades=None):
        self.name = name
        self.age = age
        self.gender = gender
        self.level = level
        self.grades = grades or {}

    def setGrade(self, course, grade):
        self.grades[course] = grade

    def getGrade(self, course):
        return self.grades[course]

    def getGPA(self):
        return sum(self.grades.values())/len(self.grades)

# Define some students
john = Student("John", 12, "male", 6, {"math":3.3})
jane = Student("Jane", 12, "female", 6, {"math":3.5})

# Now we can get to the grades easily
print(john.getGPA())
print(jane.getGPA())

C:\Users\Karan\OneDrive\Documents\whitehatjr\python\C100>howdoi write abjects in python
WARNING: Exception raised while handling cache file 'C:\Users\Karan\AppData\Local\howdoi\howdoi\Cache\2029240f6d1128be89ddc32729463129'
Traceback (most recent call last):
  File "C:\Users\Karan\AppData\Local\Programs\Python\Python310\lib\site-packages\cachelib\file.py", line 228, in set
    os.replace(tmp, filename)
PermissionError: [WinError 5] Access is denied: 'C:\\Users\\Karan\\AppData\\Local\\howdoi\\howdoi\\Cache\\tmp83lmx49m.__wz_cache' -> 'C:\\Users\\Karan\\AppData\\Local\\howdoi\\howdoi\\Cache\\2029240f6d1128be89ddc32729463129'
import pickle

class Company(object):
    def __init__(self, name, value):
        self.name = name
        self.value = value

with open('company_data.pkl', 'wb') as outp:
    company1 = Company('banana', 40)
    pickle.dump(company1, outp, pickle.HIGHEST_PROTOCOL)

    company2 = Company('spam', 42)
    pickle.dump(company2, outp, pickle.HIGHEST_PROTOCOL)

del company1
del company2

with open('company_data.pkl', 'rb') as inp:
    company1 = pickle.load(inp)
    print(company1.name)  # -> banana
    print(company1.value)  # -> 40

    company2 = pickle.load(inp)
    print(company2.name) # -> spam
    print(company2.value)  # -> 42

C:\Users\Karan\OneDrive\Documents\whitehatjr\python\C100>howdoi create objects in python
class Student(object):
    name = ""
    age = 0
    major = ""

    # The class "constructor" - It's actually an initializer
    def __init__(self, name, age, major):
        self.name = name
        self.age = age
        self.major = major

def make_student(name, age, major):
    student = Student(name, age, major)
    return student

C:\Users\Karan\OneDrive\Documents\whitehatjr\python\C100>